------------------------------------------------------------
TimeQuest Timing Analyzer Summary
------------------------------------------------------------

Type  : Slow 1200mV 85C Model Setup 'CLK'
Slack : -1.195
TNS   : -27.069

Type  : Slow 1200mV 85C Model Setup 'Tastatura:inst3|Debouncer:inst40|inst1'
Slack : -0.540
TNS   : -1.186

Type  : Slow 1200mV 85C Model Hold 'CLK'
Slack : 0.344
TNS   : 0.000

Type  : Slow 1200mV 85C Model Hold 'Tastatura:inst3|Debouncer:inst40|inst1'
Slack : 0.382
TNS   : 0.000

Type  : Slow 1200mV 85C Model Minimum Pulse Width 'CLK'
Slack : -3.000
TNS   : -52.000

Type  : Slow 1200mV 85C Model Minimum Pulse Width 'Tastatura:inst3|Debouncer:inst40|inst1'
Slack : -1.000
TNS   : -19.000

Type  : Slow 1200mV 0C Model Setup 'CLK'
Slack : -0.985
TNS   : -20.696

Type  : Slow 1200mV 0C Model Setup 'Tastatura:inst3|Debouncer:inst40|inst1'
Slack : -0.382
TNS   : -0.512

Type  : Slow 1200mV 0C Model Hold 'CLK'
Slack : 0.267
TNS   : 0.000

Type  : Slow 1200mV 0C Model Hold 'Tastatura:inst3|Debouncer:inst40|inst1'
Slack : 0.347
TNS   : 0.000

Type  : Slow 1200mV 0C Model Minimum Pulse Width 'CLK'
Slack : -3.000
TNS   : -52.000

Type  : Slow 1200mV 0C Model Minimum Pulse Width 'Tastatura:inst3|Debouncer:inst40|inst1'
Slack : -1.000
TNS   : -19.000

Type  : Fast 1200mV 0C Model Setup 'CLK'
Slack : -0.256
TNS   : -3.427

Type  : Fast 1200mV 0C Model Setup 'Tastatura:inst3|Debouncer:inst40|inst1'
Slack : 0.150
TNS   : 0.000

Type  : Fast 1200mV 0C Model Hold 'CLK'
Slack : 0.141
TNS   : 0.000

Type  : Fast 1200mV 0C Model Hold 'Tastatura:inst3|Debouncer:inst40|inst1'
Slack : 0.201
TNS   : 0.000

Type  : Fast 1200mV 0C Model Minimum Pulse Width 'CLK'
Slack : -3.000
TNS   : -54.881

Type  : Fast 1200mV 0C Model Minimum Pulse Width 'Tastatura:inst3|Debouncer:inst40|inst1'
Slack : -1.000
TNS   : -19.000

------------------------------------------------------------
